--- Checking for N+1 query patterns ---
WARNING: Possible N+1 patterns detected (30):
packages/api/src/services/admin-analytics.service.ts:1020:  return rows.rows.map((r) => ({ category: r.category, count: Number(r.count) }));
packages/api/src/services/admin-analytics.service.ts:273:        .map(([period, value]) => ({
packages/api/src/services/admin-analytics.service.ts:999:  return rows.rows.map((r) => ({
packages/api/src/services/bir-2307.service.ts:409:  for (const row of result.rows) {
packages/api/src/services/booking.service.ts:157:    for (const addon of params.addons) {
packages/api/src/services/booking.service.ts:629:    for (const item of data.lineItems) {
packages/api/src/services/booking.service.ts:682:  const quoteIds = quotes.rows.map(q => q.id);
packages/api/src/services/catalog.service.ts:211:  for (const a of addons) {
packages/api/src/services/compliance.service.ts:401:  return { rows: rowsResult.rows.map((r) => mapDsr(r)), total };
packages/api/src/services/data-management.service.ts:350:  for (const req of expired.rows) {
packages/api/src/services/invoice.service.ts:207:  const accountIds: string[] = computed.map((c) => c.account.id);
packages/api/src/services/invoice.service.ts:208:  const invoiceNumbers: string[] = computed.map((c) => c.invoiceNumber);
packages/api/src/services/invoice.service.ts:209:  const subtotals: number[] = computed.map((c) => c.account.subtotal);
packages/api/src/services/invoice.service.ts:210:  const discounts: number[] = computed.map((c) => c.discountAmount);
packages/api/src/services/invoice.service.ts:211:  const taxes: number[] = computed.map((c) => c.taxAmount);
packages/api/src/services/invoice.service.ts:212:  const totals: number[] = computed.map((c) => c.totalAmount);
packages/api/src/services/invoice.service.ts:213:  const dueDates: string[] = computed.map((c) => c.dueDateIso);
packages/api/src/services/invoice.service.ts:296:  for (const c of computed) {
packages/api/src/services/invoice.service.ts:442:    for (const inv of result.rows) {
packages/api/src/services/marketing-admin.service.ts:322:  return { rows: rowsResult.rows.map(mapPromo), total };
packages/api/src/services/marketing-admin.service.ts:555:  return { rows: rowsResult.rows.map(mapCampaign), total };
packages/api/src/services/notification.service.ts:424:  const insertCols = PREF_COLUMNS.map((c) => c).join(', ');
packages/api/src/services/notification.service.ts:425:  const insertVals = PREF_COLUMNS.map((col) => {
packages/api/src/services/notification.service.ts:430:  const insertPlaceholders = insertVals.map((_, i) => `$${idx + i}`).join(', ');
packages/api/src/services/reconciliation.service.ts:228:  for (const row of platformTotals.rows) {
packages/api/src/services/reconciliation.service.ts:456:  return result.rows.map((r) => mapSnapshotRow(r));
packages/api/src/services/recurring.service.ts:350:  for (const rb of dueBookings.rows) {
packages/api/src/services/service-area.service.ts:440:  for (const entry of waitlistEntries.rows) {
packages/api/src/services/slot-waitlist.service.ts:141:  const ids = waitlistEntries.rows.map((e) => e.id);
packages/api/src/services/vat-report.service.ts:594:  return { rows: result.rows.map(mapReportRow), total };

Each location MUST be reviewed. Refactor or annotate '// SAFE-N+1: <reason>'.
Logged to .ai-coder/checkpoints/logs/n-plus-1-suspicious-20260428-224332.log for review.

PASS: No unjustified N+1 patterns.
