=== Money Conservation Tests ===
Started: 2026-04-28T03:26:57Z

--- Running: packages/api/__tests__/escrow-money-conservation.test.ts ---
PASS packages/api/__tests__/escrow-money-conservation.test.ts
  Escrow Money Conservation (Phase 03 — async)
    √ conserves money: providerReceives + platformRetains === servicePrice + serviceFee (3 ms)
    √ applies 15% commission on service_price for new tier
    √ calculates guarantee fund as 1.5% of service fee (1 ms)
    √ passes the exact example: 50000 price, new tier (1 ms)
    √ conserves money for all tiers and price tiers (3 ms)
    √ ensures all amounts are integers (centavos) (1 ms)

Test Suites: 1 passed, 1 total
Tests:       6 passed, 6 total
Snapshots:   0 total
Time:        0.581 s, estimated 3 s
Ran all test suites matching packages/api/__tests__/escrow-money-conservation.test.ts.
PASS: packages/api/__tests__/escrow-money-conservation.test.ts

--- Running: packages/api/__tests__/commission.test.ts ---
PASS packages/api/__tests__/commission.test.ts
  Commission Calculation Engine (Phase 03 — async)
    calculateCommission
      √ should apply 15% commission for new providers (2 ms)
      √ should apply 13% commission for verified providers (1 ms)
      √ should apply 11% commission for pro providers
      √ should apply 9% commission for elite providers (1 ms)
      √ should default to new tier for unknown tiers
      √ should calculate 10% service fee
      √ should enforce minimum service fee of 2500 centavos
      √ should enforce maximum service fee of 50000 centavos
      √ should allocate 1.5% of service fee to guarantee fund
      √ should ensure provider + platform = service price + service fee (1 ms)
      √ should handle small amounts correctly
    calculateCancellationRefund (Phase 03 settings-backed schedule)
      √ 100% refund if >24h before scheduled time
      √ 100% refund if 2-24h before
      √ 90% refund if 1-2h before
      √ 80% refund if 30min-1h before
      √ 70% refund if <30min before or after scheduled (provider not arrived)
      √ 50% refund if provider has arrived
      √ 0% refund for customer no-show
      √ rounds amounts to nearest centavo

Test Suites: 1 passed, 1 total
Tests:       19 passed, 19 total
Snapshots:   0 total
Time:        0.472 s, estimated 3 s
Ran all test suites matching packages/api/__tests__/commission.test.ts.
PASS: packages/api/__tests__/commission.test.ts

--- Running: packages/api/__tests__/dispute-refund-processing.test.ts ---
PASS packages/api/__tests__/dispute-refund-processing.test.ts
  Dispute Refund Processing (Phase 03 — async)
    full refund scenarios
      √ 100% customer refund for >24h cancellation (2 ms)
      √ refund + compensation always equals service price
    partial refund scenarios
      √ 90% refund for 1-2h cancellation (1 ms)
      √ 50% refund when provider already arrived
    no-show scenarios
      √ 0% refund for customer no-show (1 ms)
    money conservation across all refund tiers
      √ conserves money: >24h, price=10000
      √ conserves money: >24h, price=50000
      √ conserves money: >24h, price=100000
      √ conserves money: >24h, price=250000 (1 ms)
      √ conserves money: >24h, price=500000
      √ conserves money: 2-24h, price=10000
      √ conserves money: 2-24h, price=50000 (1 ms)
      √ conserves money: 2-24h, price=100000
      √ conserves money: 2-24h, price=250000
      √ conserves money: 2-24h, price=500000
      √ conserves money: 1-2h, price=10000
      √ conserves money: 1-2h, price=50000
      √ conserves money: 1-2h, price=100000
      √ conserves money: 1-2h, price=250000
      √ conserves money: 1-2h, price=500000
      √ conserves money: 30m-1h, price=10000
      √ conserves money: 30m-1h, price=50000
      √ conserves money: 30m-1h, price=100000
      √ conserves money: 30m-1h, price=250000
      √ conserves money: 30m-1h, price=500000 (2 ms)
      √ conserves money: <30m, price=10000
      √ conserves money: <30m, price=50000
      √ conserves money: <30m, price=100000 (1 ms)
      √ conserves money: <30m, price=250000
      √ conserves money: <30m, price=500000
      √ conserves money: arrived, price=10000
      √ conserves money: arrived, price=50000
      √ conserves money: arrived, price=100000
      √ conserves money: arrived, price=250000
      √ conserves money: arrived, price=500000
      √ conserves money: no-show, price=10000 (1 ms)
      √ conserves money: no-show, price=50000
      √ conserves money: no-show, price=100000
      √ conserves money: no-show, price=250000
      √ conserves money: no-show, price=500000

Test Suites: 1 passed, 1 total
Tests:       40 passed, 40 total
Snapshots:   0 total
Time:        0.491 s, estimated 3 s
Ran all test suites matching packages/api/__tests__/dispute-refund-processing.test.ts.
PASS: packages/api/__tests__/dispute-refund-processing.test.ts

--- Running: packages/api/__tests__/wallet-type-isolation.test.ts ---
PASS packages/api/__tests__/wallet-type-isolation.test.ts
  Wallet Type Isolation
    √ should produce distinct wallet keys for customer vs provider types (2 ms)
    √ should produce same wallet key for same user + same type
    √ should produce correct SQL for getUserWallet query (1 ms)
    √ should support all valid wallet types (3 ms)
    √ should generate unique wallet IDs per (user_id, type) pair
    √ should handle platform wallets without user_id

Test Suites: 1 passed, 1 total
Tests:       6 passed, 6 total
Snapshots:   0 total
Time:        0.388 s, estimated 2 s
Ran all test suites matching packages/api/__tests__/wallet-type-isolation.test.ts.
PASS: packages/api/__tests__/wallet-type-isolation.test.ts

--- Running: packages/api/__tests__/booking-state-machine.test.ts ---
PASS packages/api/__tests__/booking-state-machine.test.ts
  Booking State Machine
    canTransition
      √ should allow requested → matched (2 ms)
      √ should allow requested → quoted
      √ should allow requested → cancelled_by_customer
      √ should NOT allow requested → payment_pending directly (must go through matched)
      √ should allow matched → payment_pending
      √ should allow paid → provider_en_route
      √ should allow provider_en_route → provider_arrived (2 ms)
      √ should allow in_progress → completed_by_provider
      √ should allow completed_by_provider → confirmed
      √ should allow completed_by_provider → disputed
      √ should allow confirmed → payout_ready
      √ should allow payout_ready → paid_out
    invalid transitions
      √ should reject requested → paid (skip payment_pending)
      √ should reject requested → in_progress (skip multiple states)
      √ should reject completed_by_provider → requested (backwards)
      √ should reject paid_out → anything (terminal state)
      √ should reject cancelled_by_customer → anything (terminal state) (1 ms)
      √ should reject cancelled_by_provider → anything (terminal state)
      √ should reject cancelled_by_admin → anything (terminal state)
      √ should reject confirmed → disputed (too late)
      √ should reject in_progress → cancelled_by_customer
    admin cancellation
      √ should allow admin cancellation from requested
      √ should allow admin cancellation from quoted
      √ should allow admin cancellation from matched
      √ should allow admin cancellation from payment_pending
      √ should allow admin cancellation from paid
      √ should allow admin cancellation from provider_en_route
      √ should allow admin cancellation from provider_arrived
      √ should allow admin cancellation from in_progress
      √ should NOT allow admin cancellation from terminal states
    escrow flow
      √ should follow the full happy path: requested → paid_out (1 ms)
      √ should follow the fixed-price path: requested → matched → payment_pending → paid_out
      √ should follow the quote-based path
      √ should follow the dispute path (1 ms)
    VALID_TRANSITIONS completeness
      √ should have an entry for every status (1 ms)
      √ should have terminal states with empty transitions (1 ms)

Test Suites: 1 passed, 1 total
Tests:       36 passed, 36 total
Snapshots:   0 total
Time:        0.334 s, estimated 2 s
Ran all test suites matching packages/api/__tests__/booking-state-machine.test.ts.
PASS: packages/api/__tests__/booking-state-machine.test.ts

--- Running: packages/api/__tests__/booking-price-lookup.test.ts ---
PASS packages/api/__tests__/booking-price-lookup.test.ts
  Booking Price Lookup (Phase 03 — async)
    √ calculates commission based on service_price, not total_amount (2 ms)
    √ handles zero service price
    √ calculates correct service fee from service_price (1 ms)
    √ enforces minimum service fee of 2500 centavos
    √ enforces maximum service fee of 50000 centavos
    √ computes total_amount as servicePrice + serviceFee for all tiers (2 ms)
    √ uses service_price for provider receives, not total_amount

Test Suites: 1 passed, 1 total
Tests:       7 passed, 7 total
Snapshots:   0 total
Time:        0.449 s, estimated 3 s
Ran all test suites matching packages/api/__tests__/booking-price-lookup.test.ts.
PASS: packages/api/__tests__/booking-price-lookup.test.ts

PASS: All money tests passed.
