--- Checking for N+1 query patterns ---
--- gate-5-n-plus-1 (suspicious patterns) ---
Absolute violations in repo: 25
Violations introduced by this phase: 10
Violations remaining (deferred to later phases): 15
Sample (first 10):
  - packages/api/src/services/admin-analytics.service.ts:273:        .map(([period, value]) => ({
  - packages/api/src/services/admin-analytics.service.ts:659:  for (const tier of tiers) {
  - packages/api/src/services/admin-analytics.service.ts:973:  return rows.rows.map((r) => ({
  - packages/api/src/services/admin-analytics.service.ts:994:  return rows.rows.map((r) => ({ category: r.category, count: Number(r.count) }));
  - packages/api/src/services/bir-2307.service.ts:425:  for (const row of result.rows) {
  - packages/api/src/services/booking.service.ts:157:    for (const addon of params.addons) {
  - packages/api/src/services/booking.service.ts:629:    for (const item of data.lineItems) {
  - packages/api/src/services/booking.service.ts:682:  const quoteIds = quotes.rows.map(q => q.id);
  - packages/api/src/services/catalog.service.ts:211:  for (const a of addons) {
  - packages/api/src/services/compliance.service.ts:401:  return { rows: rowsResult.rows.map((r) => mapDsr(r)), total };
  ... (full list in gate log)

--- gate-5-n-plus-1 (unjustified SAFE-N+1 markers) ---
Absolute violations in repo: 0
Violations introduced by this phase: 0

WARN/FAIL: PHASE-05 introduced 10 suspicious N+1 pattern location(s):
packages/api/src/services/bir-2307.service.ts:425:  for (const row of result.rows) {
packages/api/src/services/booking.service.ts:157:    for (const addon of params.addons) {
packages/api/src/services/booking.service.ts:629:    for (const item of data.lineItems) {
packages/api/src/services/booking.service.ts:682:  const quoteIds = quotes.rows.map(q => q.id);
packages/api/src/services/compliance.service.ts:401:  return { rows: rowsResult.rows.map((r) => mapDsr(r)), total };
packages/api/src/services/marketing-admin.service.ts:322:  return { rows: rowsResult.rows.map(mapPromo), total };
packages/api/src/services/marketing-admin.service.ts:555:  return { rows: rowsResult.rows.map(mapCampaign), total };
packages/api/src/services/reconciliation.service.ts:229:  for (const row of platformTotals.rows) {
packages/api/src/services/reconciliation.service.ts:457:  return result.rows.map((r) =>
packages/api/src/services/vat-report.service.ts:606:  return { rows: result.rows.map(mapReportRow), total };

Each must be reviewed. If genuinely O(N) DB calls, refactor (WHERE id IN, JOIN, batch loader).
If intentional and bounded, add comment '// SAFE-N+1: <reason>' on the loop line.
