--- gate-1-forbidden ---
Absolute violations in repo: 41
Violations introduced by this phase: 8
Violations remaining (deferred to later phases): 33
Sample (first 10):
  - apps/admin/src/lib/use-admin-socket.ts:29:  const env = (import.meta as unknown as { env?: Record<string, string | undefined> }).env;  [DESC: double cast]
  - apps/admin/src/pages/CompliancePage.tsx:804:        <Button onClick={() => { window.alert('Not yet implemented'); }}>  [DESC: window.alert]
  - apps/admin/src/pages/DispatchConsolePage.tsx:164:    console.warn('Dispatch: bookings endpoint failed, rendering empty', err);  [DESC: console.warn]
  - apps/admin/src/pages/DispatchConsolePage.tsx:177:    console.warn('Dispatch: providers endpoint failed, rendering empty', err);  [DESC: console.warn]
  - apps/admin/src/pages/DispatchConsolePage.tsx:316:    window.alert(`Phase 10 stub: reassign booking ${b.id}`);  [DESC: window.alert]
  - apps/admin/src/pages/DispatchConsolePage.tsx:319:    window.alert(`Phase 10 stub: cancel booking ${b.id}`);  [DESC: window.alert]
  - apps/admin/src/pages/DispatchConsolePage.tsx:322:    window.alert(`Phase 10 stub: message customer for booking ${b.id}`);  [DESC: window.alert]
  - apps/admin/src/pages/FinancialsPage.tsx:644:      window.alert('Reconciliation triggered.');  [DESC: window.alert]
  - apps/admin/src/pages/FinancialsPage.tsx:651:      window.alert(`Failed: ${getErrorMessage(err)}`);  [DESC: window.alert]
  - apps/admin/src/pages/FinancialsPage.tsx:665:      window.alert('Acknowledged.');  [DESC: window.alert]
  ... (full list in gate log)

FAIL: PHASE-09 introduced 8 new forbidden-pattern violation(s):
apps/admin/src/lib/use-admin-socket.ts:29:  const env = (import.meta as unknown as { env?: Record<string, string | undefined> }).env;  [DESC: double cast]
apps/admin/src/pages/CompliancePage.tsx:804:        <Button onClick={() => { window.alert('Not yet implemented'); }}>  [DESC: window.alert]
apps/admin/src/pages/DispatchConsolePage.tsx:164:    console.warn('Dispatch: bookings endpoint failed, rendering empty', err);  [DESC: console.warn]
apps/admin/src/pages/DispatchConsolePage.tsx:177:    console.warn('Dispatch: providers endpoint failed, rendering empty', err);  [DESC: console.warn]
apps/admin/src/pages/DispatchConsolePage.tsx:316:    window.alert(`Phase 10 stub: reassign booking ${b.id}`);  [DESC: window.alert]
apps/admin/src/pages/DispatchConsolePage.tsx:319:    window.alert(`Phase 10 stub: cancel booking ${b.id}`);  [DESC: window.alert]
apps/admin/src/pages/DispatchConsolePage.tsx:322:    window.alert(`Phase 10 stub: message customer for booking ${b.id}`);  [DESC: window.alert]
apps/mobile/app/provider-onboarding/identity-verification.tsx:167:          console.log('[identity-verification] payload (endpoint missing):', {  [DESC: console.log/debug]

Each is a constitutional violation under Article 4 (Code Quality Standards).
