
> onservice-onsite-app@0.1.0 lint
> eslint .


C:\Users\kmoul\OneDrive\Documents\GitHub\onservice-onsite-app\apps\mobile\.expo\types\router.d.ts
  2:1  warning  Unused eslint-disable directive (no problems were reported)

C:\Users\kmoul\OneDrive\Documents\GitHub\onservice-onsite-app\load-tests\config.js
  12:25  error  '__ENV' is not defined  no-undef

C:\Users\kmoul\OneDrive\Documents\GitHub\onservice-onsite-app\load-tests\full-suite.js
  22:17  error  '__ENV' is not defined  no-undef
  68:33  error  '__ENV' is not defined  no-undef
  88:29  error  '__ENV' is not defined  no-undef

C:\Users\kmoul\OneDrive\Documents\GitHub\onservice-onsite-app\load-tests\scenarios\auth.js
   4:31  error  'authHeaders' is defined but never used  no-unused-vars
  11:17  error  '__ENV' is not defined                   no-undef
  25:20  error  '__ENV' is not defined                   no-undef

C:\Users\kmoul\OneDrive\Documents\GitHub\onservice-onsite-app\load-tests\scenarios\booking-flow.js
  12:17  error  '__ENV' is not defined  no-undef
  83:19  error  '__ENV' is not defined  no-undef

C:\Users\kmoul\OneDrive\Documents\GitHub\onservice-onsite-app\load-tests\scenarios\catalog-search.js
  11:17  error  '__ENV' is not defined  no-undef

C:\Users\kmoul\OneDrive\Documents\GitHub\onservice-onsite-app\load-tests\scenarios\payment-webhook.js
   7:7   error  'paymentGetDuration' is assigned a value but never used  no-unused-vars
  11:17  error  '__ENV' is not defined                                   no-undef

C:\Users\kmoul\OneDrive\Documents\GitHub\onservice-onsite-app\packages\api\__tests__\address-validators.test.ts
    3:1   error  'describe' is not defined                         no-undef
    4:3   error  'describe' is not defined                         no-undef
   19:5   error  'it' is not defined                               no-undef
   21:7   error  'expect' is not defined                           no-undef
   24:5   error  'it' is not defined                               no-undef
   27:9   error  'expect' is not defined                           no-undef
   31:5   error  'it' is not defined                               no-undef
   33:7   error  'expect' is not defined                           no-undef
   36:5   error  'it' is not defined                               no-undef
   37:15  error  'fullAddress' is assigned a value but never used  @typescript-eslint/no-unused-vars
   39:7   error  'expect' is not defined                           no-undef
   42:5   error  'it' is not defined                               no-undef
   43:15  error  'barangay' is assigned a value but never used     @typescript-eslint/no-unused-vars
   45:7   error  'expect' is not defined                           no-undef
   48:5   error  'it' is not defined                               no-undef
   49:15  error  'city' is assigned a value but never used         @typescript-eslint/no-unused-vars
   51:7   error  'expect' is not defined                           no-undef
   54:5   error  'it' is not defined                               no-undef
   55:15  error  'province' is assigned a value but never used     @typescript-eslint/no-unused-vars
   57:7   error  'expect' is not defined                           no-undef
   60:5   error  'it' is not defined                               no-undef
   69:7   error  'expect' is not defined                           no-undef
   72:5   error  'it' is not defined                               no-undef
   74:7   error  'expect' is not defined                           no-undef
   77:5   error  'it' is not defined                               no-undef
   79:7   error  'expect' is not defined                           no-undef
   82:5   error  'it' is not defined                               no-undef
   88:7   error  'expect' is not defined                           no-undef
   91:5   error  'it' is not defined                               no-undef
   97:7   error  'expect' is not defined                           no-undef
  100:5   error  'it' is not defined                               no-undef
  102:7   error  'expect' is not defined                           no-undef
  106:3   error  'describe' is not defined                         no-undef
  107:5   error  'it' is not defined                               no-undef
  109:7   error  'expect' is not defined                           no-undef
  112:5   error  'it' is not defined                               no-undef
  114:7   error  'expect' is not defined                           no-undef
  117:5   error  'it' is not defined                               no-undef
  119:7   error  'expect' is not defined                           no-undef

C:\Users\kmoul\OneDrive\Documents\GitHub\onservice-onsite-app\packages\api\__tests__\admin-validators.test.ts
   3:1  error  'describe' is not defined  no-undef
   4:3  error  'describe' is not defined  no-undef
   5:5  error  'it' is not defined        no-undef
   9:7  error  'expect' is not defined    no-undef
  12:5  error  'it' is not defined        no-undef
  16:7  error  'expect' is not defined    no-undef
  19:5  error  'it' is not defined        no-undef
  21:7  error  'expect' is not defined    no-undef
  24:5  error  'it' is not defined        no-undef
  28:7  error  'expect' is not defined    no-undef
  32:3  error  'describe' is not defined  no-undef
  33:5  error  'it' is not defined        no-undef
  38:7  error  'expect' is not defined    no-undef
  41:5  error  'it' is not defined        no-undef
  48:9  error  'expect' is not defined    no-undef
  52:5  error  'it' is not defined        no-undef
  57:7  error  'expect' is not defined    no-undef
  60:5  error  'it' is not defined        no-undef
  64:7  error  'expect' is not defined    no-undef

C:\Users\kmoul\OneDrive\Documents\GitHub\onservice-onsite-app\packages\api\__tests__\auth-validators.test.ts
    8:1  error  'describe' is not defined  no-undef
    9:3  error  'describe' is not defined  no-undef
   10:5  error  'it' is not defined        no-undef
   12:7  error  'expect' is not defined    no-undef
   15:5  error  'it' is not defined        no-undef
   17:7  error  'expect' is not defined    no-undef
   20:5  error  'it' is not defined        no-undef
   22:7  error  'expect' is not defined    no-undef
   25:5  error  'it' is not defined        no-undef
   27:7  error  'expect' is not defined    no-undef
   30:5  error  'it' is not defined        no-undef
   32:7  error  'expect' is not defined    no-undef
   35:5  error  'it' is not defined        no-undef
   37:7  error  'expect' is not defined    no-undef
   40:5  error  'it' is not defined        no-undef
   42:7  error  'expect' is not defined    no-undef
   46:3  error  'describe' is not defined  no-undef
   47:5  error  'it' is not defined        no-undef
   49:7  error  'expect' is not defined    no-undef
   52:5  error  'it' is not defined        no-undef
   54:7  error  'expect' is not defined    no-undef
   57:5  error  'it' is not defined        no-undef
   59:7  error  'expect' is not defined    no-undef
   62:5  error  'it' is not defined        no-undef
   64:7  error  'expect' is not defined    no-undef
   67:5  error  'it' is not defined        no-undef
   69:7  error  'expect' is not defined    no-undef
   73:3  error  'describe' is not defined  no-undef
   74:5  error  'it' is not defined        no-undef
   76:7  error  'expect' is not defined    no-undef
   79:5  error  'it' is not defined        no-undef
   81:7  error  'expect' is not defined    no-undef
   84:5  error  'it' is not defined        no-undef
   86:7  error  'expect' is not defined    no-undef
   90:3  error  'describe' is not defined  no-undef
   91:5  error  'it' is not defined        no-undef
   93:7  error  'expect' is not defined    no-undef
   96:5  error  'it' is not defined        no-undef
   98:7  error  'expect' is not defined    no-undef
  101:5  error  'it' is not defined        no-undef
  103:7  error  'expect' is not defined    no-undef
  106:5  error  'it' is not defined        no-undef
  108:7  error  'expect' is not defined    no-undef
  111:5  error  'it' is not defined        no-undef
  113:7  error  'expect' is not defined    no-undef

C:\Users\kmoul\OneDrive\Documents\GitHub\onservice-onsite-app\packages\api\__tests__\booking-price-lookup.test.ts
   3:1  error  'describe' is not defined  no-undef
   4:3  error  'it' is not defined        no-undef
   8:5  error  'expect' is not defined    no-undef
   9:5  error  'expect' is not defined    no-undef
  10:5  error  'expect' is not defined    no-undef
  13:3  error  'it' is not defined        no-undef
  15:5  error  'expect' is not defined    no-undef
  16:5  error  'expect' is not defined    no-undef
  19:3  error  'it' is not defined        no-undef
  23:5  error  'expect' is not defined    no-undef
  24:5  error  'expect' is not defined    no-undef
  27:3  error  'it' is not defined        no-undef
  29:5  error  'expect' is not defined    no-undef
  32:3  error  'it' is not defined        no-undef
  34:5  error  'expect' is not defined    no-undef
  37:3  error  'it' is not defined        no-undef
  45:9  error  'expect' is not defined    no-undef
  46:9  error  'expect' is not defined    no-undef
  51:3  error  'it' is not defined        no-undef
  53:5  error  'expect' is not defined    no-undef
  54:5  error  'expect' is not defined    no-undef
  55:5  error  'expect' is not defined    no-undef

C:\Users\kmoul\OneDrive\Documents\GitHub\onservice-onsite-app\packages\api\__tests__\booking-state-machine.test.ts
    3:1  error  'describe' is not defined  no-undef
    4:3  error  'describe' is not defined  no-undef
    5:5  error  'it' is not defined        no-undef
    6:7  error  'expect' is not defined    no-undef
    9:5  error  'it' is not defined        no-undef
   10:7  error  'expect' is not defined    no-undef
   13:5  error  'it' is not defined        no-undef
   14:7  error  'expect' is not defined    no-undef
   17:5  error  'it' is not defined        no-undef
   18:7  error  'expect' is not defined    no-undef
   21:5  error  'it' is not defined        no-undef
   22:7  error  'expect' is not defined    no-undef
   25:5  error  'it' is not defined        no-undef
   26:7  error  'expect' is not defined    no-undef
   29:5  error  'it' is not defined        no-undef
   30:7  error  'expect' is not defined    no-undef
   33:5  error  'it' is not defined        no-undef
   34:7  error  'expect' is not defined    no-undef
   37:5  error  'it' is not defined        no-undef
   38:7  error  'expect' is not defined    no-undef
   41:5  error  'it' is not defined        no-undef
   42:7  error  'expect' is not defined    no-undef
   45:5  error  'it' is not defined        no-undef
   46:7  error  'expect' is not defined    no-undef
   49:5  error  'it' is not defined        no-undef
   50:7  error  'expect' is not defined    no-undef
   54:3  error  'describe' is not defined  no-undef
   55:5  error  'it' is not defined        no-undef
   56:7  error  'expect' is not defined    no-undef
   59:5  error  'it' is not defined        no-undef
   60:7  error  'expect' is not defined    no-undef
   63:5  error  'it' is not defined        no-undef
   64:7  error  'expect' is not defined    no-undef
   67:5  error  'it' is not defined        no-undef
   68:7  error  'expect' is not defined    no-undef
   69:7  error  'expect' is not defined    no-undef
   70:7  error  'expect' is not defined    no-undef
   73:5  error  'it' is not defined        no-undef
   74:7  error  'expect' is not defined    no-undef
   75:7  error  'expect' is not defined    no-undef
   78:5  error  'it' is not defined        no-undef
   79:7  error  'expect' is not defined    no-undef
   82:5  error  'it' is not defined        no-undef
   83:7  error  'expect' is not defined    no-undef
   86:5  error  'it' is not defined        no-undef
   87:7  error  'expect' is not defined    no-undef
   90:5  error  'it' is not defined        no-undef
   91:7  error  'expect' is not defined    no-undef
   95:3  error  'describe' is not defined  no-undef
  102:7  error  'it' is not defined        no-undef
  103:9  error  'expect' is not defined    no-undef
  107:5  error  'it' is not defined        no-undef
  108:7  error  'expect' is not defined    no-undef
  109:7  error  'expect' is not defined    no-undef
  113:3  error  'describe' is not defined  no-undef
  114:5  error  'it' is not defined        no-undef
  122:9  error  'expect' is not defined    no-undef
  126:5  error  'it' is not defined        no-undef
  134:9  error  'expect' is not defined    no-undef
  138:5  error  'it' is not defined        no-undef
  146:9  error  'expect' is not defined    no-undef
  150:5  error  'it' is not defined        no-undef
  151:7  error  'expect' is not defined    no-undef
  152:7  error  'expect' is not defined    no-undef
  153:7  error  'expect' is not defined    no-undef
  157:3  error  'describe' is not defined  no-undef
  166:5  error  'it' is not defined        no-undef
  168:9  error  'expect' is not defined    no-undef
  172:5  error  'it' is not defined        no-undef
  173:7  error  'expect' is not defined    no-undef
  174:7  error  'expect' is not defined    no-undef
  175:7  error  'expect' is not defined    no-undef
  176:7  error  'expect' is not defined    no-undef

C:\Users\kmoul\OneDrive\Documents\GitHub\onservice-onsite-app\packages\api\__tests__\booking-validators.test.ts
    7:1   error  'describe' is not defined               no-undef
    8:3   error  'describe' is not defined               no-undef
   21:5   error  'it' is not defined                     no-undef
   23:7   error  'expect' is not defined                 no-undef
   26:5   error  'it' is not defined                     no-undef
   32:7   error  'expect' is not defined                 no-undef
   35:5   error  'it' is not defined                     no-undef
   41:7   error  'expect' is not defined                 no-undef
   44:5   error  'it' is not defined                     no-undef
   45:28  error  '_' is assigned a value but never used  @typescript-eslint/no-unused-vars
   47:7   error  'expect' is not defined                 no-undef
   50:5   error  'it' is not defined                     no-undef
   52:7   error  'expect' is not defined                 no-undef
   55:5   error  'it' is not defined                     no-undef
   56:24  error  '_' is assigned a value but never used  @typescript-eslint/no-unused-vars
   58:7   error  'expect' is not defined                 no-undef
   61:5   error  'it' is not defined                     no-undef
   62:25  error  '_' is assigned a value but never used  @typescript-eslint/no-unused-vars
   64:7   error  'expect' is not defined                 no-undef
   67:5   error  'it' is not defined                     no-undef
   69:7   error  'expect' is not defined                 no-undef
   72:5   error  'it' is not defined                     no-undef
   74:7   error  'expect' is not defined                 no-undef
   77:5   error  'it' is not defined                     no-undef
   79:7   error  'expect' is not defined                 no-undef
   82:5   error  'it' is not defined                     no-undef
   84:7   error  'expect' is not defined                 no-undef
   88:3   error  'describe' is not defined               no-undef
   89:5   error  'it' is not defined                     no-undef
   91:7   error  'expect' is not defined                 no-undef
   94:5   error  'it' is not defined                     no-undef
  100:7   error  'expect' is not defined                 no-undef
  103:5   error  'it' is not defined                     no-undef
  108:7   error  'expect' is not defined                 no-undef
  111:5   error  'it' is not defined                     no-undef
  117:7   error  'expect' is not defined                 no-undef
  120:5   error  'it' is not defined                     no-undef
  122:7   error  'expect' is not defined                 no-undef
  125:5   error  'it' is not defined                     no-undef
  127:7   error  'expect' is not defined                 no-undef
  131:3   error  'describe' is not defined               no-undef
  132:5   error  'it' is not defined                     no-undef
  137:7   error  'expect' is not defined                 no-undef
  140:5   error  'it' is not defined                     no-undef
  145:7   error  'expect' is not defined                 no-undef
  148:5   error  'it' is not defined                     no-undef
  153:7   error  'expect' is not defined                 no-undef
  156:5   error  'it' is not defined                     no-undef
  162:7   error  'expect' is not defined                 no-undef
  165:5   error  'it' is not defined                     no-undef
  171:7   error  'expect' is not defined                 no-undef

C:\Users\kmoul\OneDrive\Documents\GitHub\onservice-onsite-app\packages\api\__tests__\commission.test.ts
    3:1  error  'describe' is not defined  no-undef
    4:3  error  'describe' is not defined  no-undef
    5:5  error  'it' is not defined        no-undef
    7:7  error  'expect' is not defined    no-undef
    8:7  error  'expect' is not defined    no-undef
    9:7  error  'expect' is not defined    no-undef
   12:5  error  'it' is not defined        no-undef
   14:7  error  'expect' is not defined    no-undef
   15:7  error  'expect' is not defined    no-undef
   16:7  error  'expect' is not defined    no-undef
   19:5  error  'it' is not defined        no-undef
   21:7  error  'expect' is not defined    no-undef
   22:7  error  'expect' is not defined    no-undef
   23:7  error  'expect' is not defined    no-undef
   26:5  error  'it' is not defined        no-undef
   28:7  error  'expect' is not defined    no-undef
   29:7  error  'expect' is not defined    no-undef
   30:7  error  'expect' is not defined    no-undef
   33:5  error  'it' is not defined        no-undef
   35:7  error  'expect' is not defined    no-undef
   38:5  error  'it' is not defined        no-undef
   40:7  error  'expect' is not defined    no-undef
   41:7  error  'expect' is not defined    no-undef
   44:5  error  'it' is not defined        no-undef
   46:7  error  'expect' is not defined    no-undef
   49:5  error  'it' is not defined        no-undef
   51:7  error  'expect' is not defined    no-undef
   54:5  error  'it' is not defined        no-undef
   57:7  error  'expect' is not defined    no-undef
   60:5  error  'it' is not defined        no-undef
   62:7  error  'expect' is not defined    no-undef
   67:5  error  'it' is not defined        no-undef
   69:7  error  'expect' is not defined    no-undef
   70:7  error  'expect' is not defined    no-undef
   71:7  error  'expect' is not defined    no-undef
   75:3  error  'describe' is not defined  no-undef
   78:5  error  'it' is not defined        no-undef
   80:7  error  'expect' is not defined    no-undef
   81:7  error  'expect' is not defined    no-undef
   82:7  error  'expect' is not defined    no-undef
   83:7  error  'expect' is not defined    no-undef
   86:5  error  'it' is not defined        no-undef
   88:7  error  'expect' is not defined    no-undef
   91:5  error  'it' is not defined        no-undef
   93:7  error  'expect' is not defined    no-undef
   94:7  error  'expect' is not defined    no-undef
   95:7  error  'expect' is not defined    no-undef
   96:7  error  'expect' is not defined    no-undef
   99:5  error  'it' is not defined        no-undef
  101:7  error  'expect' is not defined    no-undef
  102:7  error  'expect' is not defined    no-undef
  105:5  error  'it' is not defined        no-undef
  107:7  error  'expect' is not defined    no-undef
  108:7  error  'expect' is not defined    no-undef
  111:5  error  'it' is not defined        no-undef
  113:7  error  'expect' is not defined    no-undef
  114:7  error  'expect' is not defined    no-undef
  117:5  error  'it' is not defined        no-undef
  119:7  error  'expect' is not defined    no-undef
  120:7  error  'expect' is not defined    no-undef
  123:5  error  'it' is not defined        no-undef
  125:7  error  'expect' is not defined    no-undef
  126:7  error  'expect' is not defined    no-undef
  127:7  error  'expect' is not defined    no-undef
  128:7  error  'expect' is not defined    no-undef
  131:5  error  'it' is not defined        no-undef
  133:7  error  'expect' is not defined    no-undef
  134:7  error  'expect' is not defined    no-undef

C:\Users\kmoul\OneDrive\Documents\GitHub\onservice-onsite-app\packages\api\__tests__\dispute-refund-processing.test.ts
   3:1   error  'describe' is not defined  no-undef
   4:3   error  'describe' is not defined  no-undef
   5:5   error  'it' is not defined        no-undef
   7:7   error  'expect' is not defined    no-undef
   8:7   error  'expect' is not defined    no-undef
   9:7   error  'expect' is not defined    no-undef
  12:5   error  'it' is not defined        no-undef
  15:7   error  'expect' is not defined    no-undef
  19:3   error  'describe' is not defined  no-undef
  20:5   error  'it' is not defined        no-undef
  22:7   error  'expect' is not defined    no-undef
  23:7   error  'expect' is not defined    no-undef
  24:7   error  'expect' is not defined    no-undef
  27:5   error  'it' is not defined        no-undef
  29:7   error  'expect' is not defined    no-undef
  30:7   error  'expect' is not defined    no-undef
  31:7   error  'expect' is not defined    no-undef
  35:3   error  'describe' is not defined  no-undef
  36:5   error  'it' is not defined        no-undef
  38:7   error  'expect' is not defined    no-undef
  39:7   error  'expect' is not defined    no-undef
  40:7   error  'expect' is not defined    no-undef
  44:3   error  'describe' is not defined  no-undef
  58:9   error  'it' is not defined        no-undef
  60:11  error  'expect' is not defined    no-undef
  61:11  error  'expect' is not defined    no-undef
  62:11  error  'expect' is not defined    no-undef
  63:11  error  'expect' is not defined    no-undef
  64:11  error  'expect' is not defined    no-undef

C:\Users\kmoul\OneDrive\Documents\GitHub\onservice-onsite-app\packages\api\__tests__\dispute-validators.test.ts
    3:1  error  'describe' is not defined  no-undef
    4:3  error  'describe' is not defined  no-undef
    5:5  error  'it' is not defined        no-undef
   11:7  error  'expect' is not defined    no-undef
   14:5  error  'it' is not defined        no-undef
   20:7  error  'expect' is not defined    no-undef
   23:5  error  'it' is not defined        no-undef
   29:7  error  'expect' is not defined    no-undef
   32:5  error  'it' is not defined        no-undef
   42:7  error  'expect' is not defined    no-undef
   45:5  error  'it' is not defined        no-undef
   56:7  error  'expect' is not defined    no-undef
   59:5  error  'it' is not defined        no-undef
   64:7  error  'expect' is not defined    no-undef
   67:5  error  'it' is not defined        no-undef
   80:9  error  'expect' is not defined    no-undef
   84:5  error  'it' is not defined        no-undef
   91:9  error  'expect' is not defined    no-undef
   96:3  error  'describe' is not defined  no-undef
   97:5  error  'it' is not defined        no-undef
  102:7  error  'expect' is not defined    no-undef
  105:5  error  'it' is not defined        no-undef
  110:7  error  'expect' is not defined    no-undef
  113:5  error  'it' is not defined        no-undef
  119:7  error  'expect' is not defined    no-undef
  122:5  error  'it' is not defined        no-undef
  127:7  error  'expect' is not defined    no-undef
  130:5  error  'it' is not defined        no-undef
  135:7  error  'expect' is not defined    no-undef
  139:3  error  'describe' is not defined  no-undef
  140:5  error  'it' is not defined        no-undef
  145:7  error  'expect' is not defined    no-undef
  148:5  error  'it' is not defined        no-undef
  154:7  error  'expect' is not defined    no-undef
  157:5  error  'it' is not defined        no-undef
  162:7  error  'expect' is not defined    no-undef
  165:5  error  'it' is not defined        no-undef
  171:7  error  'expect' is not defined    no-undef
  174:5  error  'it' is not defined        no-undef
  179:7  error  'expect' is not defined    no-undef
  182:5  error  'it' is not defined        no-undef
  191:9  error  'expect' is not defined    no-undef
  196:3  error  'describe' is not defined  no-undef
  197:5  error  'it' is not defined        no-undef
  201:7  error  'expect' is not defined    no-undef
  204:5  error  'it' is not defined        no-undef
  208:7  error  'expect' is not defined    no-undef
  212:3  error  'describe' is not defined  no-undef
  213:5  error  'it' is not defined        no-undef
  217:7  error  'expect' is not defined    no-undef
  220:5  error  'it' is not defined        no-undef
  224:7  error  'expect' is not defined    no-undef

C:\Users\kmoul\OneDrive\Documents\GitHub\onservice-onsite-app\packages\api\__tests__\escrow-money-conservation.test.ts
   3:1  error  'describe' is not defined  no-undef
   4:3  error  'it' is not defined        no-undef
   8:5  error  'expect' is not defined    no-undef
  13:3  error  'it' is not defined        no-undef
  15:5  error  'expect' is not defined    no-undef
  16:5  error  'expect' is not defined    no-undef
  19:3  error  'it' is not defined        no-undef
  22:5  error  'expect' is not defined    no-undef
  25:3  error  'it' is not defined        no-undef
  28:5  error  'expect' is not defined    no-undef
  29:5  error  'expect' is not defined    no-undef
  30:5  error  'expect' is not defined    no-undef
  31:5  error  'expect' is not defined    no-undef
  32:5  error  'expect' is not defined    no-undef
  33:5  error  'expect' is not defined    no-undef
  36:3  error  'it' is not defined        no-undef
  45:9  error  'expect' is not defined    no-undef
  46:9  error  'expect' is not defined    no-undef
  47:9  error  'expect' is not defined    no-undef
  52:3  error  'it' is not defined        no-undef
  54:5  error  'expect' is not defined    no-undef
  55:5  error  'expect' is not defined    no-undef
  56:5  error  'expect' is not defined    no-undef
  57:5  error  'expect' is not defined    no-undef
  58:5  error  'expect' is not defined    no-undef

C:\Users\kmoul\OneDrive\Documents\GitHub\onservice-onsite-app\packages\api\__tests__\matching.test.ts
   3:1  error  'describe' is not defined  no-undef
   4:3  error  'describe' is not defined  no-undef
   5:5  error  'it' is not defined        no-undef
   8:7  error  'expect' is not defined    no-undef
  11:5  error  'it' is not defined        no-undef
  13:7  error  'expect' is not defined    no-undef
  16:5  error  'it' is not defined        no-undef
  18:7  error  'expect' is not defined    no-undef
  21:5  error  'it' is not defined        no-undef
  23:7  error  'expect' is not defined    no-undef
  26:5  error  'it' is not defined        no-undef
  28:7  error  'expect' is not defined    no-undef
  32:3  error  'describe' is not defined  no-undef
  33:5  error  'it' is not defined        no-undef
  35:7  error  'expect' is not defined    no-undef
  38:5  error  'it' is not defined        no-undef
  40:7  error  'expect' is not defined    no-undef
  43:5  error  'it' is not defined        no-undef
  45:7  error  'expect' is not defined    no-undef
  48:5  error  'it' is not defined        no-undef
  50:7  error  'expect' is not defined    no-undef
  54:3  error  'describe' is not defined  no-undef
  55:5  error  'it' is not defined        no-undef
  62:7  error  'expect' is not defined    no-undef
  63:7  error  'expect' is not defined    no-undef
  66:5  error  'it' is not defined        no-undef
  70:7  error  'expect' is not defined    no-undef
  73:5  error  'it' is not defined        no-undef
  76:7  error  'expect' is not defined    no-undef
  79:5  error  'it' is not defined        no-undef
  81:7  error  'expect' is not defined    no-undef
  84:5  error  'it' is not defined        no-undef
  86:7  error  'expect' is not defined    no-undef

C:\Users\kmoul\OneDrive\Documents\GitHub\onservice-onsite-app\packages\api\__tests__\messaging-validators.test.ts
   3:1  error  'describe' is not defined  no-undef
   4:3  error  'describe' is not defined  no-undef
   5:5  error  'it' is not defined        no-undef
   7:7  error  'expect' is not defined    no-undef
   9:9  error  'expect' is not defined    no-undef
  13:5  error  'it' is not defined        no-undef
  19:7  error  'expect' is not defined    no-undef
  22:5  error  'it' is not defined        no-undef
  27:7  error  'expect' is not defined    no-undef
  30:5  error  'it' is not defined        no-undef
  32:7  error  'expect' is not defined    no-undef
  35:5  error  'it' is not defined        no-undef
  37:7  error  'expect' is not defined    no-undef
  40:5  error  'it' is not defined        no-undef
  42:7  error  'expect' is not defined    no-undef
  45:5  error  'it' is not defined        no-undef
  50:7  error  'expect' is not defined    no-undef
  53:5  error  'it' is not defined        no-undef
  59:7  error  'expect' is not defined    no-undef
  62:5  error  'it' is not defined        no-undef
  64:7  error  'expect' is not defined    no-undef
  66:9  error  'expect' is not defined    no-undef
  71:3  error  'describe' is not defined  no-undef
  72:5  error  'it' is not defined        no-undef
  76:7  error  'expect' is not defined    no-undef
  79:5  error  'it' is not defined        no-undef
  81:7  error  'expect' is not defined    no-undef
  84:5  error  'it' is not defined        no-undef
  86:7  error  'expect' is not defined    no-undef

C:\Users\kmoul\OneDrive\Documents\GitHub\onservice-onsite-app\packages\api\__tests__\notification-template-validators.test.ts
    3:1  error  'describe' is not defined  no-undef
    4:3  error  'describe' is not defined  no-undef
    5:5  error  'it' is not defined        no-undef
   14:7  error  'expect' is not defined    no-undef
   17:5  error  'it' is not defined        no-undef
   24:7  error  'expect' is not defined    no-undef
   26:9  error  'expect' is not defined    no-undef
   30:5  error  'it' is not defined        no-undef
   39:9  error  'expect' is not defined    no-undef
   43:5  error  'it' is not defined        no-undef
   53:9  error  'expect' is not defined    no-undef
   57:5  error  'it' is not defined        no-undef
   64:7  error  'expect' is not defined    no-undef
   67:5  error  'it' is not defined        no-undef
   74:7  error  'expect' is not defined    no-undef
   77:5  error  'it' is not defined        no-undef
   84:7  error  'expect' is not defined    no-undef
   87:5  error  'it' is not defined        no-undef
   94:7  error  'expect' is not defined    no-undef
   97:5  error  'it' is not defined        no-undef
  105:7  error  'expect' is not defined    no-undef
  109:3  error  'describe' is not defined  no-undef
  110:5  error  'it' is not defined        no-undef
  114:7  error  'expect' is not defined    no-undef
  117:5  error  'it' is not defined        no-undef
  121:7  error  'expect' is not defined    no-undef
  124:5  error  'it' is not defined        no-undef
  126:7  error  'expect' is not defined    no-undef
  129:5  error  'it' is not defined        no-undef
  133:7  error  'expect' is not defined    no-undef

C:\Users\kmoul\OneDrive\Documents\GitHub\onservice-onsite-app\packages\api\__tests__\payment-validators.test.ts
    4:1  error  'describe' is not defined  no-undef
    5:3  error  'describe' is not defined  no-undef
    6:5  error  'it' is not defined        no-undef
   11:7  error  'expect' is not defined    no-undef
   14:5  error  'it' is not defined        no-undef
   21:9  error  'expect' is not defined    no-undef
   25:5  error  'it' is not defined        no-undef
   30:7  error  'expect' is not defined    no-undef
   33:5  error  'it' is not defined        no-undef
   38:7  error  'expect' is not defined    no-undef
   41:5  error  'it' is not defined        no-undef
   42:7  error  'expect' is not defined    no-undef
   43:7  error  'expect' is not defined    no-undef
   47:3  error  'describe' is not defined  no-undef
   48:5  error  'it' is not defined        no-undef
   54:7  error  'expect' is not defined    no-undef
   57:5  error  'it' is not defined        no-undef
   58:7  error  'expect' is not defined    no-undef
   64:7  error  'expect' is not defined    no-undef
   71:5  error  'it' is not defined        no-undef
   77:7  error  'expect' is not defined    no-undef
   81:3  error  'describe' is not defined  no-undef
   82:5  error  'it' is not defined        no-undef
   88:7  error  'expect' is not defined    no-undef
   91:5  error  'it' is not defined        no-undef
   99:9  error  'expect' is not defined    no-undef
  103:5  error  'it' is not defined        no-undef
  109:7  error  'expect' is not defined    no-undef
  112:5  error  'it' is not defined        no-undef
  118:7  error  'expect' is not defined    no-undef
  121:5  error  'it' is not defined        no-undef
  127:7  error  'expect' is not defined    no-undef

C:\Users\kmoul\OneDrive\Documents\GitHub\onservice-onsite-app\packages\api\__tests__\payout-validators.test.ts
   3:1  error  'describe' is not defined  no-undef
   4:3  error  'describe' is not defined  no-undef
   5:5  error  'it' is not defined        no-undef
  11:7  error  'expect' is not defined    no-undef
  14:5  error  'it' is not defined        no-undef
  22:7  error  'expect' is not defined    no-undef
  25:5  error  'it' is not defined        no-undef
  33:9  error  'expect' is not defined    no-undef
  37:5  error  'it' is not defined        no-undef
  43:7  error  'expect' is not defined    no-undef
  46:5  error  'it' is not defined        no-undef
  52:7  error  'expect' is not defined    no-undef
  55:5  error  'it' is not defined        no-undef
  61:7  error  'expect' is not defined    no-undef
  64:5  error  'it' is not defined        no-undef
  70:7  error  'expect' is not defined    no-undef
  73:5  error  'it' is not defined        no-undef
  78:7  error  'expect' is not defined    no-undef
  82:3  error  'describe' is not defined  no-undef
  83:5  error  'it' is not defined        no-undef
  87:7  error  'expect' is not defined    no-undef
  90:5  error  'it' is not defined        no-undef
  94:7  error  'expect' is not defined    no-undef
  97:5  error  'it' is not defined        no-undef
  99:7  error  'expect' is not defined    no-undef

C:\Users\kmoul\OneDrive\Documents\GitHub\onservice-onsite-app\packages\api\__tests__\provider-validators.test.ts
    3:1  error  'describe' is not defined  no-undef
    4:3  error  'describe' is not defined  no-undef
    5:5  error  'it' is not defined        no-undef
   11:7  error  'expect' is not defined    no-undef
   14:5  error  'it' is not defined        no-undef
   16:7  error  'expect' is not defined    no-undef
   19:5  error  'it' is not defined        no-undef
   21:7  error  'expect' is not defined    no-undef
   24:5  error  'it' is not defined        no-undef
   26:7  error  'expect' is not defined    no-undef
   29:5  error  'it' is not defined        no-undef
   31:7  error  'expect' is not defined    no-undef
   34:5  error  'it' is not defined        no-undef
   35:7  error  'expect' is not defined    no-undef
   36:7  error  'expect' is not defined    no-undef
   37:7  error  'expect' is not defined    no-undef
   40:5  error  'it' is not defined        no-undef
   41:7  error  'expect' is not defined    no-undef
   42:7  error  'expect' is not defined    no-undef
   43:7  error  'expect' is not defined    no-undef
   46:5  error  'it' is not defined        no-undef
   48:7  error  'expect' is not defined    no-undef
   52:3  error  'describe' is not defined  no-undef
   53:5  error  'it' is not defined        no-undef
   57:7  error  'expect' is not defined    no-undef
   60:5  error  'it' is not defined        no-undef
   65:7  error  'expect' is not defined    no-undef
   68:5  error  'it' is not defined        no-undef
   70:7  error  'expect' is not defined    no-undef
   73:5  error  'it' is not defined        no-undef
   74:7  error  'expect' is not defined    no-undef
   81:3  error  'describe' is not defined  no-undef
   82:5  error  'it' is not defined        no-undef
   89:7  error  'expect' is not defined    no-undef
   92:5  error  'it' is not defined        no-undef
   94:7  error  'expect' is not defined    no-undef
   97:5  error  'it' is not defined        no-undef
   98:7  error  'expect' is not defined    no-undef
  102:7  error  'expect' is not defined    no-undef
  107:5  error  'it' is not defined        no-undef
  111:7  error  'expect' is not defined    no-undef
  114:5  error  'it' is not defined        no-undef
  118:7  error  'expect' is not defined    no-undef
  121:5  error  'it' is not defined        no-undef
  129:7  error  'expect' is not defined    no-undef
  132:5  error  'it' is not defined        no-undef
  139:7  error  'expect' is not defined    no-undef

C:\Users\kmoul\OneDrive\Documents\GitHub\onservice-onsite-app\packages\api\__tests__\referral-validators.test.ts
   3:1  error  'describe' is not defined  no-undef
   4:3  error  'describe' is not defined  no-undef
   5:5  error  'it' is not defined        no-undef
   7:7  error  'expect' is not defined    no-undef
  10:5  error  'it' is not defined        no-undef
  12:7  error  'expect' is not defined    no-undef
  14:9  error  'expect' is not defined    no-undef
  18:5  error  'it' is not defined        no-undef
  20:7  error  'expect' is not defined    no-undef
  23:5  error  'it' is not defined        no-undef
  25:7  error  'expect' is not defined    no-undef
  28:5  error  'it' is not defined        no-undef
  30:7  error  'expect' is not defined    no-undef

C:\Users\kmoul\OneDrive\Documents\GitHub\onservice-onsite-app\packages\api\__tests__\review-validators.test.ts
    3:1  error  'describe' is not defined  no-undef
    4:3  error  'describe' is not defined  no-undef
   10:5  error  'it' is not defined        no-undef
   12:7  error  'expect' is not defined    no-undef
   15:5  error  'it' is not defined        no-undef
   26:7  error  'expect' is not defined    no-undef
   29:5  error  'it' is not defined        no-undef
   31:7  error  'expect' is not defined    no-undef
   34:5  error  'it' is not defined        no-undef
   36:7  error  'expect' is not defined    no-undef
   39:5  error  'it' is not defined        no-undef
   41:7  error  'expect' is not defined    no-undef
   44:5  error  'it' is not defined        no-undef
   46:7  error  'expect' is not defined    no-undef
   49:5  error  'it' is not defined        no-undef
   51:7  error  'expect' is not defined    no-undef
   54:5  error  'it' is not defined        no-undef
   56:7  error  'expect' is not defined    no-undef
   59:5  error  'it' is not defined        no-undef
   61:7  error  'expect' is not defined    no-undef
   64:5  error  'it' is not defined        no-undef
   66:7  error  'expect' is not defined    no-undef
   69:5  error  'it' is not defined        no-undef
   72:7  error  'expect' is not defined    no-undef
   75:5  error  'it' is not defined        no-undef
   77:7  error  'expect' is not defined    no-undef
   80:5  error  'it' is not defined        no-undef
   82:7  error  'expect' is not defined    no-undef
   85:5  error  'it' is not defined        no-undef
   87:7  error  'expect' is not defined    no-undef
   90:5  error  'it' is not defined        no-undef
   92:7  error  'expect' is not defined    no-undef
   96:3  error  'describe' is not defined  no-undef
   97:5  error  'it' is not defined        no-undef
  101:7  error  'expect' is not defined    no-undef
  104:5  error  'it' is not defined        no-undef
  106:7  error  'expect' is not defined    no-undef
  109:5  error  'it' is not defined        no-undef
  111:7  error  'expect' is not defined    no-undef
  114:5  error  'it' is not defined        no-undef
  116:7  error  'expect' is not defined    no-undef

C:\Users\kmoul\OneDrive\Documents\GitHub\onservice-onsite-app\packages\api\__tests__\suki-validators.test.ts
   3:1  error  'describe' is not defined  no-undef
   4:3  error  'describe' is not defined  no-undef
   5:5  error  'it' is not defined        no-undef
  10:7  error  'expect' is not defined    no-undef
  13:5  error  'it' is not defined        no-undef
  18:7  error  'expect' is not defined    no-undef
  21:5  error  'it' is not defined        no-undef
  26:7  error  'expect' is not defined    no-undef
  29:5  error  'it' is not defined        no-undef
  34:7  error  'expect' is not defined    no-undef
  37:5  error  'it' is not defined        no-undef
  42:7  error  'expect' is not defined    no-undef
  45:5  error  'it' is not defined        no-undef
  50:7  error  'expect' is not defined    no-undef
  53:5  error  'it' is not defined        no-undef
  57:7  error  'expect' is not defined    no-undef

C:\Users\kmoul\OneDrive\Documents\GitHub\onservice-onsite-app\packages\api\__tests__\tip-validators.test.ts
   3:1  error  'describe' is not defined  no-undef
   4:3  error  'describe' is not defined  no-undef
   5:5  error  'it' is not defined        no-undef
  10:7  error  'expect' is not defined    no-undef
  12:9  error  'expect' is not defined    no-undef
  16:5  error  'it' is not defined        no-undef
  23:7  error  'expect' is not defined    no-undef
  26:5  error  'it' is not defined        no-undef
  34:9  error  'expect' is not defined    no-undef
  38:5  error  'it' is not defined        no-undef
  43:7  error  'expect' is not defined    no-undef
  46:5  error  'it' is not defined        no-undef
  51:7  error  'expect' is not defined    no-undef
  54:5  error  'it' is not defined        no-undef
  59:7  error  'expect' is not defined    no-undef
  62:5  error  'it' is not defined        no-undef
  68:7  error  'expect' is not defined    no-undef
  71:5  error  'it' is not defined        no-undef
  75:7  error  'expect' is not defined    no-undef

C:\Users\kmoul\OneDrive\Documents\GitHub\onservice-onsite-app\packages\api\__tests__\wallet-type-isolation.test.ts
   1:1  error  'describe' is not defined  no-undef
   2:3  error  'it' is not defined        no-undef
   7:5  error  'expect' is not defined    no-undef
  10:3  error  'it' is not defined        no-undef
  15:5  error  'expect' is not defined    no-undef
  18:3  error  'it' is not defined        no-undef
  20:5  error  'expect' is not defined    no-undef
  21:5  error  'expect' is not defined    no-undef
  22:5  error  'expect' is not defined    no-undef
  23:5  error  'expect' is not defined    no-undef
  26:3  error  'it' is not defined        no-undef
  30:5  error  'expect' is not defined    no-undef
  31:5  error  'expect' is not defined    no-undef
  34:7  error  'expect' is not defined    no-undef
  35:7  error  'expect' is not defined    no-undef
  39:7  error  'expect' is not defined    no-undef
  40:7  error  'expect' is not defined    no-undef
  44:3  error  'it' is not defined        no-undef
  53:9  error  'expect' is not defined    no-undef
  58:5  error  'expect' is not defined    no-undef
  60:5  error  'expect' is not defined    no-undef
  61:5  error  'expect' is not defined    no-undef
  64:3  error  'it' is not defined        no-undef
  66:5  error  'expect' is not defined    no-undef
  67:5  error  'expect' is not defined    no-undef

Γ£û 746 problems (745 errors, 1 warning)
  0 errors and 1 warning potentially fixable with the `--fix` option.

