packages/api/src/services/admin-analytics.service.ts:273:        .map(([period, value]) => ({
packages/api/src/services/admin-analytics.service.ts:659:  for (const tier of tiers) {
packages/api/src/services/admin-analytics.service.ts:973:  return rows.rows.map((r) => ({
packages/api/src/services/admin-analytics.service.ts:994:  return rows.rows.map((r) => ({ category: r.category, count: Number(r.count) }));
packages/api/src/services/bir-2307.service.ts:409:  for (const row of result.rows) {
packages/api/src/services/booking.service.ts:157:    for (const addon of params.addons) {
packages/api/src/services/booking.service.ts:629:    for (const item of data.lineItems) {
packages/api/src/services/booking.service.ts:682:  const quoteIds = quotes.rows.map(q => q.id);
packages/api/src/services/catalog.service.ts:211:  for (const a of addons) {
packages/api/src/services/compliance.service.ts:401:  return { rows: rowsResult.rows.map((r) => mapDsr(r)), total };
packages/api/src/services/data-management.service.ts:341:  for (const req of expired.rows) {
packages/api/src/services/invoice.service.ts:148:      for (const booking of bookings.rows) {
packages/api/src/services/invoice.service.ts:306:    for (const inv of result.rows) {
packages/api/src/services/invoice.service.ts:92:  for (const account of activeAccounts.rows) {
packages/api/src/services/marketing-admin.service.ts:322:  return { rows: rowsResult.rows.map(mapPromo), total };
packages/api/src/services/marketing-admin.service.ts:555:  return { rows: rowsResult.rows.map(mapCampaign), total };
packages/api/src/services/notification.service.ts:424:  const insertCols = PREF_COLUMNS.map((c) => c).join(', ');
packages/api/src/services/notification.service.ts:425:  const insertVals = PREF_COLUMNS.map((col) => {
packages/api/src/services/notification.service.ts:430:  const insertPlaceholders = insertVals.map((_, i) => `$${idx + i}`).join(', ');
packages/api/src/services/reconciliation.service.ts:228:  for (const row of platformTotals.rows) {
packages/api/src/services/reconciliation.service.ts:456:  return result.rows.map((r) => mapSnapshotRow(r));
packages/api/src/services/recurring.service.ts:350:  for (const rb of dueBookings.rows) {
packages/api/src/services/service-area.service.ts:440:  for (const entry of waitlistEntries.rows) {
packages/api/src/services/slot-waitlist.service.ts:141:  const ids = waitlistEntries.rows.map((e) => e.id);
packages/api/src/services/vat-report.service.ts:594:  return { rows: result.rows.map(mapReportRow), total };
